// Jest Snapshot v1, https://goo.gl/fbAQLP

exports[`should render NotFoundPage correctly 1`] = `
<div>
  <p>
    404! - 
    <[object Object]
      to="/"
    >
      Go home
    </[object Object]>
  </p>
</div>
`;
